<T> <k> . </k> <xevm> ListItem ( JUMP ( label ( 2 ) ) ) ListItem ( JUMPDEST ( label ( 1 ) ) ) ListItem ( PUSH ( 1 , 0  .Bytes ) ) ListItem ( CALLDATALOAD ) ListItem ( PUSH ( 1 , 28  .Bytes ) ) ListItem ( MSTORE ) ListItem ( PUSH ( 21 , 1  ( 0  ( 0  ( 0  ( 0  ( 0  ( 0  ( 0  ( 0  ( 0  ( 0  ( 0  ( 0  ( 0  ( 0  ( 0  ( 0  ( 0  ( 0  ( 0  ( 0  .Bytes ) ) ) ) ) ) ) ) ) ) ) ) ) ) ) ) ) ) ) ) ) ) ListItem ( PUSH ( 1 , 32  .Bytes ) ) ListItem ( MSTORE ) ListItem ( PUSH ( 16 , 127  ( 255  ( 255  ( 255  ( 255  ( 255  ( 255  ( 255  ( 255  ( 255  ( 255  ( 255  ( 255  ( 255  ( 255  ( 255  .Bytes ) ) ) ) ) ) ) ) ) ) ) ) ) ) ) ) ) ListItem ( PUSH ( 1 , 64  .Bytes ) ) ListItem ( MSTORE ) ListItem ( PUSH ( 32 , 255  ( 255  ( 255  ( 255  ( 255  ( 255  ( 255  ( 255  ( 255  ( 255  ( 255  ( 255  ( 255  ( 255  ( 255  ( 255  ( 128  ( 0  ( 0  ( 0  ( 0  ( 0  ( 0  ( 0  ( 0  ( 0  ( 0  ( 0  ( 0  ( 0  ( 0  ( 0  .Bytes ) ) ) ) ) ) ) ) ) ) ) ) ) ) ) ) ) ) ) ) ) ) ) ) ) ) ) ) ) ) ) ) ) ListItem ( PUSH ( 1 , 96  .Bytes ) ) ListItem ( MSTORE ) ListItem ( PUSH ( 21 , 1  ( 42  ( 5  ( 241  ( 255  ( 255  ( 255  ( 255  ( 255  ( 255  ( 255  ( 255  ( 255  ( 255  ( 255  ( 255  ( 253  ( 171  ( 244  ( 28  ( 0  .Bytes ) ) ) ) ) ) ) ) ) ) ) ) ) ) ) ) ) ) ) ) ) ) ListItem ( PUSH ( 1 , 128  .Bytes ) ) ListItem ( MSTORE ) ListItem ( PUSH ( 32 , 255  ( 255  ( 255  ( 255  ( 255  ( 255  ( 255  ( 255  ( 255  ( 255  ( 255  ( 254  ( 213  ( 250  ( 14  ( 0  ( 0  ( 0  ( 0  ( 0  ( 0  ( 0  ( 0  ( 0  ( 0  ( 0  ( 0  ( 0  ( 0  ( 0  ( 0  ( 0  .Bytes ) ) ) ) ) ) ) ) ) ) ) ) ) ) ) ) ) ) ) ) ) ) ) ) ) ) ) ) ) ) ) ) ) ListItem ( PUSH ( 1 , 160  .Bytes ) ) ListItem ( MSTORE ) ListItem ( PUSH ( 4 , 194  ( 152  ( 85  ( 120  .Bytes ) ) ) ) ) ListItem ( PUSH ( 1 , 0  .Bytes ) ) ListItem ( MLOAD ) ListItem ( EQ ) ListItem ( ISZERO ) ListItem ( JUMPI ( label ( 3 ) ) ) ListItem ( CALLVALUE ) ListItem ( ISZERO ) ListItem ( ISZERO ) ListItem ( JUMPI ( pc ) ) ListItem ( PUSH ( 1 , 0  .Bytes ) ) ListItem ( PUSH ( 2 , 1  ( 64  .Bytes ) ) ) ListItem ( MSTORE ) ListItem ( STOP ) ListItem ( JUMPDEST ( label ( 3 ) ) ) ListItem ( JUMPDEST ( label ( 2 ) ) ) ListItem ( PUSH ( label ( 1 ) ) ) ListItem ( PUSH ( label ( 2 ) ) ) ListItem ( SUB ) ListItem ( PUSH ( label ( 1 ) ) ) ListItem ( PUSH ( 1 , 0  .Bytes ) ) ListItem ( CODECOPY ) ListItem ( PUSH ( label ( 1 ) ) ) ListItem ( PUSH ( label ( 2 ) ) ) ListItem ( SUB ) ListItem ( PUSH ( 1 , 0  .Bytes ) ) ListItem ( RETURN ) </xevm> <height> 0 </height> <with> .Map </with> </T>
