<T> <k> . </k> <xevm> ListItem ( JUMP ( label ( 2 ) ) ) ListItem ( BLANK ( label ( 1 ) ) ) ListItem ( LLLBEGIN ) ListItem ( PUSH ( 1 , 0  .Bytes ) ) ListItem ( CALLDATALOAD ) ListItem ( PUSH ( 1 , 28  .Bytes ) ) ListItem ( MSTORE ) ListItem ( PUSH ( 21 , 1  ( 0  ( 0  ( 0  ( 0  ( 0  ( 0  ( 0  ( 0  ( 0  ( 0  ( 0  ( 0  ( 0  ( 0  ( 0  ( 0  ( 0  ( 0  ( 0  ( 0  .Bytes ) ) ) ) ) ) ) ) ) ) ) ) ) ) ) ) ) ) ) ) ) ) ListItem ( PUSH ( 1 , 32  .Bytes ) ) ListItem ( MSTORE ) ListItem ( PUSH ( 16 , 127  ( 255  ( 255  ( 255  ( 255  ( 255  ( 255  ( 255  ( 255  ( 255  ( 255  ( 255  ( 255  ( 255  ( 255  ( 255  .Bytes ) ) ) ) ) ) ) ) ) ) ) ) ) ) ) ) ) ListItem ( PUSH ( 1 , 64  .Bytes ) ) ListItem ( MSTORE ) ListItem ( PUSH ( 32 , 255  ( 255  ( 255  ( 255  ( 255  ( 255  ( 255  ( 255  ( 255  ( 255  ( 255  ( 255  ( 255  ( 255  ( 255  ( 255  ( 128  ( 0  ( 0  ( 0  ( 0  ( 0  ( 0  ( 0  ( 0  ( 0  ( 0  ( 0  ( 0  ( 0  ( 0  ( 0  .Bytes ) ) ) ) ) ) ) ) ) ) ) ) ) ) ) ) ) ) ) ) ) ) ) ) ) ) ) ) ) ) ) ) ) ListItem ( PUSH ( 1 , 96  .Bytes ) ) ListItem ( MSTORE ) ListItem ( PUSH ( 21 , 1  ( 42  ( 5  ( 241  ( 255  ( 255  ( 255  ( 255  ( 255  ( 255  ( 255  ( 255  ( 255  ( 255  ( 255  ( 255  ( 253  ( 171  ( 244  ( 28  ( 0  .Bytes ) ) ) ) ) ) ) ) ) ) ) ) ) ) ) ) ) ) ) ) ) ) ListItem ( PUSH ( 1 , 128  .Bytes ) ) ListItem ( MSTORE ) ListItem ( PUSH ( 32 , 255  ( 255  ( 255  ( 255  ( 255  ( 255  ( 255  ( 255  ( 255  ( 255  ( 255  ( 254  ( 213  ( 250  ( 14  ( 0  ( 0  ( 0  ( 0  ( 0  ( 0  ( 0  ( 0  ( 0  ( 0  ( 0  ( 0  ( 0  ( 0  ( 0  ( 0  ( 0  .Bytes ) ) ) ) ) ) ) ) ) ) ) ) ) ) ) ) ) ) ) ) ) ) ) ) ) ) ) ) ) ) ) ) ) ListItem ( PUSH ( 1 , 160  .Bytes ) ) ListItem ( MSTORE ) ListItem ( PUSH ( 4 , 194  ( 152  ( 85  ( 120  .Bytes ) ) ) ) ) ListItem ( PUSH ( 1 , 0  .Bytes ) ) ListItem ( MLOAD ) ListItem ( EQ ) ListItem ( ISZERO ) ListItem ( JUMPI ( label ( 3 ) ) ) ListItem ( CALLVALUE ) ListItem ( ISZERO ) ListItem ( ISZERO ) ListItem ( JUMPI ( pc ) ) ListItem ( PUSH ( 1 , 0  .Bytes ) ) ListItem ( PUSH ( 2 , 1  ( 64  .Bytes ) ) ) ListItem ( MSTORE ) ListItem ( PUSH ( 2 , 1  ( 64  .Bytes ) ) ) ListItem ( PUSH ( 1 , 96  .Bytes ) ) ListItem ( MLOAD ) ListItem ( PUSH ( 1 , 1  .Bytes ) ) ListItem ( DUP ( 3 ) ) ListItem ( MLOAD ) ListItem ( ADD ) ListItem ( DUP ( 1 ) ) ListItem ( PUSH ( 1 , 64  .Bytes ) ) ListItem ( MLOAD ) ListItem ( SWAP ( 1 ) ) ListItem ( SGT ) ListItem ( JUMPI ( pc ) ) ListItem ( DUP ( 1 ) ) ListItem ( SWAP ( 2 ) ) ListItem ( SWAP ( 1 ) ) ListItem ( SLT ) ListItem ( JUMPI ( pc ) ) ListItem ( DUP ( 2 ) ) ListItem ( MSTORE ) ListItem ( POP ) ListItem ( STOP ) ListItem ( JUMPDEST ( label ( 3 ) ) ) ListItem ( LLLEND ) ListItem ( JUMPDEST ( label ( 2 ) ) ) ListItem ( PUSH ( label ( 1 ) ) ) ListItem ( PUSH ( label ( 2 ) ) ) ListItem ( SUB ) ListItem ( PUSH ( label ( 1 ) ) ) ListItem ( PUSH ( 1 , 0  .Bytes ) ) ListItem ( CODECOPY ) ListItem ( PUSH ( label ( 1 ) ) ) ListItem ( PUSH ( label ( 2 ) ) ) ListItem ( SUB ) ListItem ( PUSH ( 1 , 0  .Bytes ) ) ListItem ( RETURN ) </xevm> <evm> ListItem ( PUSH2 ) ListItem ( 0 ) ListItem ( 207 ) ListItem ( JUMP ) ListItem ( PUSH1 ) ListItem ( 0 ) ListItem ( CALLDATALOAD ) ListItem ( PUSH1 ) ListItem ( 28 ) ListItem ( MSTORE ) ListItem ( PUSH21 ) ListItem ( 1 ) ListItem ( 0 ) ListItem ( 0 ) ListItem ( 0 ) ListItem ( 0 ) ListItem ( 0 ) ListItem ( 0 ) ListItem ( 0 ) ListItem ( 0 ) ListItem ( 0 ) ListItem ( 0 ) ListItem ( 0 ) ListItem ( 0 ) ListItem ( 0 ) ListItem ( 0 ) ListItem ( 0 ) ListItem ( 0 ) ListItem ( 0 ) ListItem ( 0 ) ListItem ( 0 ) ListItem ( 0 ) ListItem ( PUSH1 ) ListItem ( 32 ) ListItem ( MSTORE ) ListItem ( PUSH16 ) ListItem ( 127 ) ListItem ( 255 ) ListItem ( 255 ) ListItem ( 255 ) ListItem ( 255 ) ListItem ( 255 ) ListItem ( 255 ) ListItem ( 255 ) ListItem ( 255 ) ListItem ( 255 ) ListItem ( 255 ) ListItem ( 255 ) ListItem ( 255 ) ListItem ( 255 ) ListItem ( 255 ) ListItem ( 255 ) ListItem ( PUSH1 ) ListItem ( 64 ) ListItem ( MSTORE ) ListItem ( PUSH32 ) ListItem ( 255 ) ListItem ( 255 ) ListItem ( 255 ) ListItem ( 255 ) ListItem ( 255 ) ListItem ( 255 ) ListItem ( 255 ) ListItem ( 255 ) ListItem ( 255 ) ListItem ( 255 ) ListItem ( 255 ) ListItem ( 255 ) ListItem ( 255 ) ListItem ( 255 ) ListItem ( 255 ) ListItem ( 255 ) ListItem ( 128 ) ListItem ( 0 ) ListItem ( 0 ) ListItem ( 0 ) ListItem ( 0 ) ListItem ( 0 ) ListItem ( 0 ) ListItem ( 0 ) ListItem ( 0 ) ListItem ( 0 ) ListItem ( 0 ) ListItem ( 0 ) ListItem ( 0 ) ListItem ( 0 ) ListItem ( 0 ) ListItem ( 0 ) ListItem ( PUSH1 ) ListItem ( 96 ) ListItem ( MSTORE ) ListItem ( PUSH21 ) ListItem ( 1 ) ListItem ( 42 ) ListItem ( 5 ) ListItem ( 241 ) ListItem ( 255 ) ListItem ( 255 ) ListItem ( 255 ) ListItem ( 255 ) ListItem ( 255 ) ListItem ( 255 ) ListItem ( 255 ) ListItem ( 255 ) ListItem ( 255 ) ListItem ( 255 ) ListItem ( 255 ) ListItem ( 255 ) ListItem ( 253 ) ListItem ( 171 ) ListItem ( 244 ) ListItem ( 28 ) ListItem ( 0 ) ListItem ( PUSH1 ) ListItem ( 128 ) ListItem ( MSTORE ) ListItem ( PUSH32 ) ListItem ( 255 ) ListItem ( 255 ) ListItem ( 255 ) ListItem ( 255 ) ListItem ( 255 ) ListItem ( 255 ) ListItem ( 255 ) ListItem ( 255 ) ListItem ( 255 ) ListItem ( 255 ) ListItem ( 255 ) ListItem ( 254 ) ListItem ( 213 ) ListItem ( 250 ) ListItem ( 14 ) ListItem ( 0 ) ListItem ( 0 ) ListItem ( 0 ) ListItem ( 0 ) ListItem ( 0 ) ListItem ( 0 ) ListItem ( 0 ) ListItem ( 0 ) ListItem ( 0 ) ListItem ( 0 ) ListItem ( 0 ) ListItem ( 0 ) ListItem ( 0 ) ListItem ( 0 ) ListItem ( 0 ) ListItem ( 0 ) ListItem ( 0 ) ListItem ( PUSH1 ) ListItem ( 160 ) ListItem ( MSTORE ) ListItem ( PUSH4 ) ListItem ( 194 ) ListItem ( 152 ) ListItem ( 85 ) ListItem ( 120 ) ListItem ( PUSH1 ) ListItem ( 0 ) ListItem ( MLOAD ) ListItem ( EQ ) ListItem ( ISZERO ) ListItem ( PUSH2 ) ListItem ( 0 ) ListItem ( 202 ) ListItem ( JUMPI ) ListItem ( CALLVALUE ) ListItem ( ISZERO ) ListItem ( ISZERO ) ListItem ( PC ) ListItem ( JUMPI ) ListItem ( PUSH1 ) ListItem ( 0 ) ListItem ( PUSH2 ) ListItem ( 1 ) ListItem ( 64 ) ListItem ( MSTORE ) ListItem ( PUSH2 ) ListItem ( 1 ) ListItem ( 64 ) ListItem ( PUSH1 ) ListItem ( 96 ) ListItem ( MLOAD ) ListItem ( PUSH1 ) ListItem ( 1 ) ListItem ( DUP3 ) ListItem ( MLOAD ) ListItem ( ADD ) ListItem ( DUP1 ) ListItem ( PUSH1 ) ListItem ( 64 ) ListItem ( MLOAD ) ListItem ( SWAP1 ) ListItem ( SGT ) ListItem ( PC ) ListItem ( JUMPI ) ListItem ( DUP1 ) ListItem ( SWAP2 ) ListItem ( SWAP1 ) ListItem ( SLT ) ListItem ( PC ) ListItem ( JUMPI ) ListItem ( DUP2 ) ListItem ( MSTORE ) ListItem ( POP ) ListItem ( STOP ) ListItem ( JUMPDEST ) ListItem ( JUMPDEST ) ListItem ( PUSH2 ) ListItem ( 0 ) ListItem ( 4 ) ListItem ( PUSH2 ) ListItem ( 0 ) ListItem ( 207 ) ListItem ( SUB ) ListItem ( PUSH2 ) ListItem ( 0 ) ListItem ( 4 ) ListItem ( PUSH1 ) ListItem ( 0 ) ListItem ( CODECOPY ) ListItem ( PUSH2 ) ListItem ( 0 ) ListItem ( 4 ) ListItem ( PUSH2 ) ListItem ( 0 ) ListItem ( 207 ) ListItem ( SUB ) ListItem ( PUSH1 ) ListItem ( 0 ) ListItem ( RETURN ) </evm> <height> 0 </height> <with> .Map </with> <b> <b-label> label ( -1 ) </b-label> <b-height> -1 </b-height> </b> <labelTbl> 1 |-> 4 2 |-> 207 3 |-> 202 </labelTbl> <pos> 231 </pos> <posStack> .List </posStack> </T>
